T11049: look ma, no stack!
HasCallStack backtrace:

