[1 of 2] Compiling T26395_Plugin    ( T26395_Plugin.hs, T26395_Plugin.o )
[2 of 2] Compiling T26395           ( T26395.hs, T26395.o )
