Int64X2#
(0,2)
(1,0)
(1,2)
(-1,160)
(1,0)
(-2,160)

Int32X4#
(0,2,1,0)
(1,2,-1,160)
(1,0,-2,160)

Int16X8#
((0,2,1,0),(0,2,1,0))
((1,2,-1,160),(1,2,-1,160))
((1,0,-2,160),(1,0,-2,160))

Int8X16#
((0,2,1,0),(0,2,1,0),(0,2,1,0),(0,2,1,0))
((1,2,-1,-96),(1,2,-1,-96),(1,2,-1,-96),(1,2,-1,-96))
((1,0,-2,-96),(1,0,-2,-96),(1,0,-2,-96),(1,0,-2,-96))
