DoubleX2#
(0.0,2.2)
(5.5,32.0)
(1.1,2.2)
(-5.5,128.0)
(1.1,0.0)
(-0.0,4.450147717014403e-308)

FloatX4#
(0.0,2.2,5.5,32.0)
(1.1,2.2,-5.5,128.0)
(1.1,0.0,-0.0,2.3509887e-38)
