Word64X2#
(0,2)
(5,0)
(1,2)
(18446744073709551615,160)
(1,0)
(18446744073709551610,160)

Word32X4#
(0,2,5,0)
(1,2,4294967295,160)
(1,0,4294967290,160)

Word16X8#
((0,2,5,0),(0,2,5,0))
((1,2,65535,160),(1,2,65535,160))
((1,0,65530,160),(1,0,65530,160))

Word8X16#
((0,2,5,0),(0,2,5,0),(0,2,5,0),(0,2,5,0))
((1,2,255,160),(1,2,255,160),(1,2,255,160),(1,2,255,160))
((1,0,250,160),(1,0,250,160),(1,0,250,160),(1,0,250,160))
