{"version":"1.1","ghcVersion":"ghc-9.13.20241113","span":{"file":"json.hs","start":{"line":9,"column":11},"end":{"line":9,"column":21}},"severity":"Error","code":48010,"message":["Empty list of alternatives in case expression"],"hints":["Perhaps you intended to use the `EmptyCase' extension"]}
