[1 of 2] Processing p
  [1 of 1] Compiling ShouldFail[sig]  ( p/ShouldFail.hsig, nothing )
[2 of 2] Processing q
  Instantiating q
  [1 of 1] Including p[ShouldFail=base-4.19.1.0:Prelude]
    Instantiating p[ShouldFail=base-4.19.1.0:Prelude]
    [1 of 1] Compiling ShouldFail[sig]  ( p/ShouldFail.hsig, bkpfail17.out/p/p-9af3lmxJNZa50ZueXSR02Y/ShouldFail.o )

<no location info>: error:
    Something is amiss; requested module  base-4.19.1.0-inplace:Prelude differs from name found in the interface file base:Prelude (if these names look the same, try again with -dppr-debug)
