
==================== Tidy Core ====================
Result size of Tidy Core
  = {terms: 83, types: 41, coercions: 12, joins: 0/0}

-- RHS size: {terms: 2, types: 0, coercions: 0, joins: 0/0}
lvl_rCs :: Integer
[GblId, Unf=OtherCon []]
lvl_rCs = GHC.Internal.Bignum.Integer.IS 1#

Rec {
-- RHS size: {terms: 18, types: 9, coercions: 0, joins: 0/0}
T19890.foo1 [InlPrag=INLINABLE, Occ=LoopBreaker]
  :: forall a. Num a => Bool -> a -> a
[GblId,
 Arity=3,
 Str=<SP(SC(S,C(1,L)),A,A,A,A,A,LC(S,L))><1L><L>,
 Unf=Unf{Src=StableUser, TopLvl=True,
         Value=True, ConLike=True, WorkFree=True, Expandable=True,
         Guidance=IF_ARGS [60 70 0] 140 0
         Tmpl= \ (@a_aAW)
                 ($dNum_aAX :: Num a_aAW)
                 (ds_dBS [Occ=Once1!] :: Bool)
                 (eta_B0 [Occ=Once2] :: a_aAW) ->
                 case ds_dBS of {
                   False ->
                     + @a_aAW
                       $dNum_aAX
                       eta_B0
                       (fromInteger @a_aAW $dNum_aAX (GHC.Internal.Bignum.Integer.IS 1#));
                   True ->
                     T19890.foo1 @a_aAW $dNum_aAX GHC.Internal.Types.False eta_B0
                 }}]
T19890.foo1
  = \ (@a_aAW)
      ($dNum_aAX :: Num a_aAW)
      (ds_dBS :: Bool)
      (eta_B0 :: a_aAW) ->
      case ds_dBS of {
        False ->
          + @a_aAW $dNum_aAX eta_B0 (fromInteger @a_aAW $dNum_aAX lvl_rCs);
        True ->
          T19890.foo1 @a_aAW $dNum_aAX GHC.Internal.Types.False eta_B0
      }
end Rec }

-- RHS size: {terms: 1, types: 0, coercions: 12, joins: 0/0}
foo [InlPrag=INLINABLE] :: forall a. Num a => Bool -> Wombat a
[GblId,
 Arity=3,
 Str=<SP(SC(S,C(1,L)),A,A,A,A,A,LC(S,L))><1L><L>,
 Unf=Unf{Src=<vanilla>, TopLvl=True,
         Value=True, ConLike=True, WorkFree=True, Expandable=True,
         Guidance=ALWAYS_IF(arity=0,unsat_ok=True,boring_ok=True)}]
foo
  = T19890.foo1
    `cast` (forall (a :: <*>_N).
            <Num a>_R ->_R <Bool>_R ->_R Sym (T19890.N:Wombat <a>_R)
            :: (forall a. Num a => Bool -> a -> a)
               ~R# (forall a. Num a => Bool -> Wombat a))

-- RHS size: {terms: 1, types: 0, coercions: 0, joins: 0/0}
T19890.$trModule4 :: GHC.Internal.Prim.Addr#
[GblId,
 Unf=Unf{Src=<vanilla>, TopLvl=True,
         Value=True, ConLike=True, WorkFree=True, Expandable=True,
         Guidance=IF_ARGS [] 20 0}]
T19890.$trModule4 = "main"#

-- RHS size: {terms: 2, types: 0, coercions: 0, joins: 0/0}
T19890.$trModule3 :: GHC.Internal.Types.TrName
[GblId,
 Unf=Unf{Src=<vanilla>, TopLvl=True,
         Value=True, ConLike=True, WorkFree=True, Expandable=True,
         Guidance=IF_ARGS [] 10 10}]
T19890.$trModule3 = GHC.Internal.Types.TrNameS T19890.$trModule4

-- RHS size: {terms: 1, types: 0, coercions: 0, joins: 0/0}
T19890.$trModule2 :: GHC.Internal.Prim.Addr#
[GblId,
 Unf=Unf{Src=<vanilla>, TopLvl=True,
         Value=True, ConLike=True, WorkFree=True, Expandable=True,
         Guidance=IF_ARGS [] 30 0}]
T19890.$trModule2 = "T19890"#

-- RHS size: {terms: 2, types: 0, coercions: 0, joins: 0/0}
T19890.$trModule1 :: GHC.Internal.Types.TrName
[GblId,
 Unf=Unf{Src=<vanilla>, TopLvl=True,
         Value=True, ConLike=True, WorkFree=True, Expandable=True,
         Guidance=IF_ARGS [] 10 10}]
T19890.$trModule1 = GHC.Internal.Types.TrNameS T19890.$trModule2

-- RHS size: {terms: 3, types: 0, coercions: 0, joins: 0/0}
T19890.$trModule :: GHC.Internal.Types.Module
[GblId,
 Unf=Unf{Src=<vanilla>, TopLvl=True,
         Value=True, ConLike=True, WorkFree=True, Expandable=True,
         Guidance=IF_ARGS [] 10 10}]
T19890.$trModule
  = GHC.Internal.Types.Module T19890.$trModule3 T19890.$trModule1

-- RHS size: {terms: 2, types: 0, coercions: 0, joins: 0/0}
$krep_rCt :: GHC.Internal.Types.KindRep
[GblId, Unf=OtherCon []]
$krep_rCt = GHC.Internal.Types.KindRepVar 0#

-- RHS size: {terms: 3, types: 0, coercions: 0, joins: 0/0}
$krep1_rCu :: GHC.Internal.Types.KindRep
[GblId, Unf=OtherCon []]
$krep1_rCu = GHC.Internal.Types.KindRepFun $krep_rCt $krep_rCt

-- RHS size: {terms: 1, types: 0, coercions: 0, joins: 0/0}
T19890.$tcWombat2 :: GHC.Internal.Prim.Addr#
[GblId,
 Unf=Unf{Src=<vanilla>, TopLvl=True,
         Value=True, ConLike=True, WorkFree=True, Expandable=True,
         Guidance=IF_ARGS [] 30 0}]
T19890.$tcWombat2 = "Wombat"#

-- RHS size: {terms: 2, types: 0, coercions: 0, joins: 0/0}
T19890.$tcWombat1 :: GHC.Internal.Types.TrName
[GblId,
 Unf=Unf{Src=<vanilla>, TopLvl=True,
         Value=True, ConLike=True, WorkFree=True, Expandable=True,
         Guidance=IF_ARGS [] 10 10}]
T19890.$tcWombat1 = GHC.Internal.Types.TrNameS T19890.$tcWombat2

-- RHS size: {terms: 7, types: 0, coercions: 0, joins: 0/0}
T19890.$tcWombat :: GHC.Internal.Types.TyCon
[GblId,
 Unf=Unf{Src=<vanilla>, TopLvl=True,
         Value=True, ConLike=True, WorkFree=True, Expandable=True,
         Guidance=IF_ARGS [] 10 10}]
T19890.$tcWombat
  = GHC.Internal.Types.TyCon
      14886729617606120106#Word64
      9341180610983476309#Word64
      T19890.$trModule
      T19890.$tcWombat1
      0#
      GHC.Internal.Types.krep$*Arr*

-- RHS size: {terms: 3, types: 2, coercions: 0, joins: 0/0}
$krep2_rCv :: [GHC.Internal.Types.KindRep]
[GblId, Unf=OtherCon []]
$krep2_rCv
  = GHC.Internal.Types.:
      @GHC.Internal.Types.KindRep
      $krep_rCt
      (GHC.Internal.Types.[] @GHC.Internal.Types.KindRep)

-- RHS size: {terms: 3, types: 0, coercions: 0, joins: 0/0}
$krep3_rCw :: GHC.Internal.Types.KindRep
[GblId, Unf=OtherCon []]
$krep3_rCw
  = GHC.Internal.Types.KindRepTyConApp T19890.$tcWombat $krep2_rCv

-- RHS size: {terms: 3, types: 0, coercions: 0, joins: 0/0}
T19890.$tc'Wombat1 [InlPrag=[~]] :: GHC.Internal.Types.KindRep
[GblId, Unf=OtherCon []]
T19890.$tc'Wombat1
  = GHC.Internal.Types.KindRepFun $krep1_rCu $krep3_rCw

-- RHS size: {terms: 1, types: 0, coercions: 0, joins: 0/0}
T19890.$tc'Wombat3 :: GHC.Internal.Prim.Addr#
[GblId,
 Unf=Unf{Src=<vanilla>, TopLvl=True,
         Value=True, ConLike=True, WorkFree=True, Expandable=True,
         Guidance=IF_ARGS [] 30 0}]
T19890.$tc'Wombat3 = "'Wombat"#

-- RHS size: {terms: 2, types: 0, coercions: 0, joins: 0/0}
T19890.$tc'Wombat2 :: GHC.Internal.Types.TrName
[GblId,
 Unf=Unf{Src=<vanilla>, TopLvl=True,
         Value=True, ConLike=True, WorkFree=True, Expandable=True,
         Guidance=IF_ARGS [] 10 10}]
T19890.$tc'Wombat2 = GHC.Internal.Types.TrNameS T19890.$tc'Wombat3

-- RHS size: {terms: 7, types: 0, coercions: 0, joins: 0/0}
T19890.$tc'Wombat :: GHC.Internal.Types.TyCon
[GblId,
 Unf=Unf{Src=<vanilla>, TopLvl=True,
         Value=True, ConLike=True, WorkFree=True, Expandable=True,
         Guidance=IF_ARGS [] 10 10}]
T19890.$tc'Wombat
  = GHC.Internal.Types.TyCon
      2678731069210293856#Word64
      16131282919067740460#Word64
      T19890.$trModule
      T19890.$tc'Wombat2
      1#
      T19890.$tc'Wombat1



