
==================== Tidy Core ====================
Result size of Tidy Core = {terms: 465, types: 447, coercions: 6, joins: 0/3}

-- RHS size: {terms: 8, types: 15, coercions: 0, joins: 0/0}
T18174.$wstrictField :: Int -> (Int, Int) -> (# Int, (Int, Int) #)
T18174.$wstrictField = \ (ww_s1it :: Int) (ww1_s1iu :: (Int, Int)) -> case ww1_s1iu of ww2_X1 { (ipv_s1ky, ipv1_s1kz) -> (# ww_s1it, ww2_X1 #) }

-- RHS size: {terms: 12, types: 21, coercions: 0, joins: 0/0}
strictField :: T -> (Int, (Int, Int))
strictField = \ (ds_s1ir :: T) -> case ds_s1ir of { MkT ww_s1it ww1_s1iu -> case T18174.$wstrictField ww_s1it ww1_s1iu of { (# ww2_s1kg, ww3_s1kh #) -> (ww2_s1kg, ww3_s1kh) } }

-- RHS size: {terms: 1, types: 0, coercions: 0, joins: 0/0}
T18174.$trModule4 :: GHC.Internal.Prim.Addr#
T18174.$trModule4 = "main"#

-- RHS size: {terms: 2, types: 0, coercions: 0, joins: 0/0}
T18174.$trModule3 :: GHC.Internal.Types.TrName
T18174.$trModule3 = GHC.Internal.Types.TrNameS T18174.$trModule4

-- RHS size: {terms: 1, types: 0, coercions: 0, joins: 0/0}
T18174.$trModule2 :: GHC.Internal.Prim.Addr#
T18174.$trModule2 = "T18174"#

-- RHS size: {terms: 2, types: 0, coercions: 0, joins: 0/0}
T18174.$trModule1 :: GHC.Internal.Types.TrName
T18174.$trModule1 = GHC.Internal.Types.TrNameS T18174.$trModule2

-- RHS size: {terms: 3, types: 0, coercions: 0, joins: 0/0}
T18174.$trModule :: GHC.Internal.Types.Module
T18174.$trModule = GHC.Internal.Types.Module T18174.$trModule3 T18174.$trModule1

-- RHS size: {terms: 3, types: 1, coercions: 0, joins: 0/0}
$krep_r1lQ :: GHC.Internal.Types.KindRep
$krep_r1lQ = GHC.Internal.Types.KindRepTyConApp GHC.Internal.Types.$tcInt (GHC.Internal.Types.[] @GHC.Internal.Types.KindRep)

-- RHS size: {terms: 3, types: 2, coercions: 0, joins: 0/0}
$krep1_r1lR :: [GHC.Internal.Types.KindRep]
$krep1_r1lR = GHC.Internal.Types.: @GHC.Internal.Types.KindRep $krep_r1lQ (GHC.Internal.Types.[] @GHC.Internal.Types.KindRep)

-- RHS size: {terms: 3, types: 1, coercions: 0, joins: 0/0}
$krep2_r1lS :: [GHC.Internal.Types.KindRep]
$krep2_r1lS = GHC.Internal.Types.: @GHC.Internal.Types.KindRep $krep_r1lQ $krep1_r1lR

-- RHS size: {terms: 3, types: 0, coercions: 0, joins: 0/0}
$krep3_r1lT :: GHC.Internal.Types.KindRep
$krep3_r1lT = GHC.Internal.Types.KindRepTyConApp GHC.Internal.Tuple.$tcTuple2 $krep2_r1lS

-- RHS size: {terms: 1, types: 0, coercions: 0, joins: 0/0}
T18174.$tcT2 :: GHC.Internal.Prim.Addr#
T18174.$tcT2 = "T"#

-- RHS size: {terms: 2, types: 0, coercions: 0, joins: 0/0}
T18174.$tcT1 :: GHC.Internal.Types.TrName
T18174.$tcT1 = GHC.Internal.Types.TrNameS T18174.$tcT2

-- RHS size: {terms: 7, types: 0, coercions: 0, joins: 0/0}
T18174.$tcT :: GHC.Internal.Types.TyCon
T18174.$tcT = GHC.Internal.Types.TyCon 10767449832801551323#Word64 11558512111670031614#Word64 T18174.$trModule T18174.$tcT1 0# GHC.Internal.Types.krep$*

-- RHS size: {terms: 3, types: 1, coercions: 0, joins: 0/0}
$krep4_r1lU :: GHC.Internal.Types.KindRep
$krep4_r1lU = GHC.Internal.Types.KindRepTyConApp T18174.$tcT (GHC.Internal.Types.[] @GHC.Internal.Types.KindRep)

-- RHS size: {terms: 3, types: 0, coercions: 0, joins: 0/0}
$krep5_r1lV :: GHC.Internal.Types.KindRep
$krep5_r1lV = GHC.Internal.Types.KindRepFun $krep3_r1lT $krep4_r1lU

-- RHS size: {terms: 3, types: 0, coercions: 0, joins: 0/0}
T18174.$tc'MkT1 :: GHC.Internal.Types.KindRep
T18174.$tc'MkT1 = GHC.Internal.Types.KindRepFun $krep_r1lQ $krep5_r1lV

-- RHS size: {terms: 1, types: 0, coercions: 0, joins: 0/0}
T18174.$tc'MkT3 :: GHC.Internal.Prim.Addr#
T18174.$tc'MkT3 = "'MkT"#

-- RHS size: {terms: 2, types: 0, coercions: 0, joins: 0/0}
T18174.$tc'MkT2 :: GHC.Internal.Types.TrName
T18174.$tc'MkT2 = GHC.Internal.Types.TrNameS T18174.$tc'MkT3

-- RHS size: {terms: 7, types: 0, coercions: 0, joins: 0/0}
T18174.$tc'MkT :: GHC.Internal.Types.TyCon
T18174.$tc'MkT = GHC.Internal.Types.TyCon 15126196523434762667#Word64 13148007393547580468#Word64 T18174.$trModule T18174.$tc'MkT2 0# T18174.$tc'MkT1

-- RHS size: {terms: 2, types: 0, coercions: 0, joins: 0/0}
lvl_r1lW :: Int
lvl_r1lW = GHC.Internal.Types.I# 1#

Rec {
-- RHS size: {terms: 38, types: 37, coercions: 0, joins: 0/1}
T18174.$wfac3 :: forall a. GHC.Internal.Prim.Int# -> a -> (# a, Int #)
T18174.$wfac3
  = \ (@a_s1iD) (ww_s1iG :: GHC.Internal.Prim.Int#) (s_s1iI :: a_s1iD) ->
      case GHC.Internal.Prim.<# ww_s1iG 2# of {
        __DEFAULT ->
          let {
            ds_s1hi :: (a_s1iD, Int)
            ds_s1hi = case T18174.$wfac3 @a_s1iD (GHC.Internal.Prim.-# ww_s1iG 1#) s_s1iI of { (# ww1_s1kj, ww2_s1kk #) -> (ww1_s1kj, ww2_s1kk) } } in
          (# case ds_s1hi of { (s'_a17d, n'_a17e) -> s'_a17d }, case ds_s1hi of { (s'_a17d, n'_a17e) -> case n'_a17e of { GHC.Internal.Types.I# ww1_s1iA -> GHC.Internal.Types.I# (GHC.Internal.Prim.*# ww1_s1iA ww1_s1iA) } } #);
        1# -> (# s_s1iI, lvl_r1lW #)
      }
end Rec }

-- RHS size: {terms: 14, types: 15, coercions: 0, joins: 0/0}
fac3 :: forall a. Int -> a -> (a, Int)
fac3 = \ (@a_s1iD) (n_s1iE :: Int) (s_s1iI :: a_s1iD) -> case n_s1iE of { GHC.Internal.Types.I# ww_s1iG -> case T18174.$wfac3 @a_s1iD ww_s1iG s_s1iI of { (# ww1_s1kj, ww2_s1kk #) -> (ww1_s1kj, ww2_s1kk) } }

Rec {
-- RHS size: {terms: 24, types: 20, coercions: 0, joins: 0/0}
T18174.$wfac2 :: forall a. GHC.Internal.Prim.Int# -> a -> (# a, Int #)
T18174.$wfac2
  = \ (@a_s1iN) (ww_s1iQ :: GHC.Internal.Prim.Int#) (s_s1iS :: a_s1iN) ->
      case GHC.Internal.Prim.<# ww_s1iQ 2# of {
        __DEFAULT -> case T18174.$wfac2 @a_s1iN (GHC.Internal.Prim.-# ww_s1iQ 1#) s_s1iS of { (# ww1_s1km, ww2_s1kn #) -> (# ww1_s1km, GHC.Internal.Num.$fNumInt_$c* ww2_s1kn ww2_s1kn #) };
        1# -> (# s_s1iS, lvl_r1lW #)
      }
end Rec }

-- RHS size: {terms: 14, types: 15, coercions: 0, joins: 0/0}
fac2 :: forall a. Int -> a -> (a, Int)
fac2 = \ (@a_s1iN) (n_s1iO :: Int) (s_s1iS :: a_s1iN) -> case n_s1iO of { GHC.Internal.Types.I# ww_s1iQ -> case T18174.$wfac2 @a_s1iN ww_s1iQ s_s1iS of { (# ww1_s1km, ww2_s1kn #) -> (ww1_s1km, ww2_s1kn) } }

Rec {
-- RHS size: {terms: 24, types: 20, coercions: 0, joins: 0/0}
T18174.$wfac1 :: forall a. GHC.Internal.Prim.Int# -> a -> (# a, GHC.Internal.Prim.Int# #)
T18174.$wfac1
  = \ (@a_s1iX) (ww_s1j0 :: GHC.Internal.Prim.Int#) (s_s1j2 :: a_s1iX) ->
      case GHC.Internal.Prim.<# ww_s1j0 2# of {
        __DEFAULT -> case T18174.$wfac1 @a_s1iX (GHC.Internal.Prim.-# ww_s1j0 1#) s_s1j2 of { (# ww1_s1j5, ww2_s1kp #) -> (# ww1_s1j5, GHC.Internal.Prim.*# ww_s1j0 ww2_s1kp #) };
        1# -> (# s_s1j2, 1# #)
      }
end Rec }

-- RHS size: {terms: 15, types: 15, coercions: 0, joins: 0/0}
fac1 :: forall a. Int -> a -> (a, Int)
fac1 = \ (@a_s1iX) (n_s1iY :: Int) (s_s1j2 :: a_s1iX) -> case n_s1iY of { GHC.Internal.Types.I# ww_s1j0 -> case T18174.$wfac1 @a_s1iX ww_s1j0 s_s1j2 of { (# ww1_s1j5, ww2_s1kp #) -> (ww1_s1j5, GHC.Internal.Types.I# ww2_s1kp) } }

-- RHS size: {terms: 2, types: 0, coercions: 0, joins: 0/0}
T18174.h5 :: Int
T18174.h5 = GHC.Internal.Types.I# 0#

-- RHS size: {terms: 2, types: 0, coercions: 0, joins: 0/0}
lvl1_r1lX :: Int
lvl1_r1lX = GHC.Internal.Types.I# -2#

-- RHS size: {terms: 39, types: 15, coercions: 0, joins: 0/1}
T18174.$wg2 :: GHC.Internal.Prim.Int# -> GHC.Internal.Prim.Int# -> (# GHC.Internal.Prim.Int#, Int #)
T18174.$wg2
  = \ (ww_s1jd :: GHC.Internal.Prim.Int#) (ww1_s1jh :: GHC.Internal.Prim.Int#) ->
      case ww1_s1jh of ds_X2 {
        __DEFAULT ->
          (# GHC.Internal.Prim.*# 2# ww_s1jd,
             case ds_X2 of wild_X3 {
               __DEFAULT ->
                 let {
                   c1#_a1io :: GHC.Internal.Prim.Int#
                   c1#_a1io = GHC.Internal.Prim.andI# 1# (GHC.Internal.Prim.<# wild_X3 0#) } in
                 case GHC.Internal.Prim.-# (GHC.Internal.Prim.quotInt# (GHC.Internal.Prim.-# 2# c1#_a1io) wild_X3) c1#_a1io of ds2_a1gd { __DEFAULT -> GHC.Internal.Types.I# ds2_a1gd };
               -1# -> lvl1_r1lX;
               0# -> GHC.Internal.Real.divZeroError @Int
             } #);
        1# -> (# GHC.Internal.Prim.+# 2# ww_s1jd, T18174.h5 #)
      }

-- RHS size: {terms: 30, types: 19, coercions: 0, joins: 0/0}
T18174.$wh2 :: GHC.Internal.Prim.Int# -> Int
T18174.$wh2
  = \ (ww_s1jt :: GHC.Internal.Prim.Int#) ->
      case ww_s1jt of ds_X2 {
        __DEFAULT ->
          case GHC.Internal.Prim.remInt# ds_X2 2# of {
            __DEFAULT -> case T18174.$wg2 ds_X2 2# of { (# _, ww2_s1jm #) -> ww2_s1jm };
            0# -> case T18174.$wg2 2# ds_X2 of { (# ww1_s1kr, ww2_s1jm #) -> case ww2_s1jm of { GHC.Internal.Types.I# y_a1gk -> GHC.Internal.Types.I# (GHC.Internal.Prim.+# ww1_s1kr y_a1gk) } }
          };
        1# -> T18174.h5
      }

-- RHS size: {terms: 6, types: 3, coercions: 0, joins: 0/0}
h2 :: Int -> Int
h2 = \ (ds_s1jr :: Int) -> case ds_s1jr of { GHC.Internal.Types.I# ww_s1jt -> T18174.$wh2 ww_s1jt }

-- RHS size: {terms: 36, types: 14, coercions: 0, joins: 0/1}
T18174.$wg1 :: GHC.Internal.Prim.Int# -> (# GHC.Internal.Prim.Int#, Int #)
T18174.$wg1
  = \ (ww_s1jA :: GHC.Internal.Prim.Int#) ->
      case ww_s1jA of ds_X2 {
        __DEFAULT ->
          (# GHC.Internal.Prim.*# 2# ds_X2,
             case ds_X2 of wild_X3 {
               __DEFAULT ->
                 let {
                   c1#_a1io :: GHC.Internal.Prim.Int#
                   c1#_a1io = GHC.Internal.Prim.andI# 1# (GHC.Internal.Prim.<# wild_X3 0#) } in
                 case GHC.Internal.Prim.-# (GHC.Internal.Prim.quotInt# (GHC.Internal.Prim.-# 2# c1#_a1io) wild_X3) c1#_a1io of ds2_a1gd { __DEFAULT -> GHC.Internal.Types.I# ds2_a1gd };
               -1# -> lvl1_r1lX;
               0# -> GHC.Internal.Real.divZeroError @Int
             } #);
        1# -> (# 15#, T18174.h5 #)
      }

-- RHS size: {terms: 8, types: 9, coercions: 0, joins: 0/0}
T18174.h4 :: (Int, Int)
T18174.h4 = case T18174.$wg1 2# of { (# ww_s1kt, ww1_s1jF #) -> (GHC.Internal.Types.I# ww_s1kt, ww1_s1jF) }

-- RHS size: {terms: 22, types: 16, coercions: 0, joins: 0/0}
T18174.$wh1 :: GHC.Internal.Prim.Int# -> Int
T18174.$wh1
  = \ (ww_s1jM :: GHC.Internal.Prim.Int#) ->
      case ww_s1jM of ds_X2 {
        __DEFAULT -> case T18174.$wg1 ds_X2 of { (# ww1_s1kt, ww2_s1jF #) -> case ww2_s1jF of { GHC.Internal.Types.I# y_a1gk -> GHC.Internal.Types.I# (GHC.Internal.Prim.+# ww1_s1kt y_a1gk) } };
        1# -> T18174.h5;
        2# -> case T18174.h4 of { (ds1_a1gQ, y_a1gR) -> y_a1gR }
      }

-- RHS size: {terms: 6, types: 3, coercions: 0, joins: 0/0}
h1 :: Int -> Int
h1 = \ (ds_s1jK :: Int) -> case ds_s1jK of { GHC.Internal.Types.I# ww_s1jM -> T18174.$wh1 ww_s1jM }

-- RHS size: {terms: 12, types: 5, coercions: 0, joins: 0/0}
thunkDiverges :: Int -> (Int, Bool)
thunkDiverges = \ (x_aMH :: Int) -> (case x_aMH of { GHC.Internal.Types.I# x1_a1gh -> GHC.Internal.Types.I# (GHC.Internal.Prim.+# 2# (GHC.Internal.Prim.*# 2# x1_a1gh)) }, GHC.Internal.Types.False)

-- RHS size: {terms: 13, types: 10, coercions: 0, joins: 0/0}
T18174.$wdataConWrapper :: (Int, Int) -> Int -> (# T, Int #)
T18174.$wdataConWrapper = \ (p_s1k2 :: (Int, Int)) (x_s1k3 :: Int) -> (# T18174.MkT x_s1k3 p_s1k2, case x_s1k3 of { GHC.Internal.Types.I# x1_a1gh -> GHC.Internal.Types.I# (GHC.Internal.Prim.+# x1_a1gh 1#) } #)

-- RHS size: {terms: 10, types: 13, coercions: 0, joins: 0/0}
dataConWrapper :: (Int, Int) -> Int -> (T, Int)
dataConWrapper = \ (p_s1k2 :: (Int, Int)) (x_s1k3 :: Int) -> case T18174.$wdataConWrapper p_s1k2 x_s1k3 of { (# ww_s1kv, ww1_s1kw #) -> (ww_s1kv, ww1_s1kw) }

Rec {
-- RHS size: {terms: 27, types: 25, coercions: 0, joins: 0/0}
T18174.$wfacIO :: GHC.Internal.Prim.Int# -> GHC.Internal.Prim.State# GHC.Internal.Prim.RealWorld -> (# GHC.Internal.Prim.State# GHC.Internal.Prim.RealWorld, Int #)
T18174.$wfacIO
  = \ (ww_s1ka :: GHC.Internal.Prim.Int#) (eta_s1kc :: GHC.Internal.Prim.State# GHC.Internal.Prim.RealWorld) ->
      case GHC.Internal.Prim.<# ww_s1ka 2# of {
        __DEFAULT -> case T18174.$wfacIO (GHC.Internal.Prim.-# ww_s1ka 1#) eta_s1kc of { (# ipv_a1h9, ipv1_a1ha #) -> (# ipv_a1h9, case ipv1_a1ha of { GHC.Internal.Types.I# y_a1fO -> GHC.Internal.Types.I# (GHC.Internal.Prim.*# ww_s1ka y_a1fO) } #) };
        1# -> (# eta_s1kc, lvl_r1lW #)
      }
end Rec }

-- RHS size: {terms: 8, types: 5, coercions: 0, joins: 0/0}
T18174.facIO1 :: Int -> GHC.Internal.Prim.State# GHC.Internal.Prim.RealWorld -> (# GHC.Internal.Prim.State# GHC.Internal.Prim.RealWorld, Int #)
T18174.facIO1 = \ (n_s1k8 :: Int) (eta_s1kc :: GHC.Internal.Prim.State# GHC.Internal.Prim.RealWorld) -> case n_s1k8 of { GHC.Internal.Types.I# ww_s1ka -> T18174.$wfacIO ww_s1ka eta_s1kc }

-- RHS size: {terms: 1, types: 0, coercions: 6, joins: 0/0}
facIO :: Int -> IO Int
facIO = T18174.facIO1 `cast` (<Int>_R ->_R Sym (GHC.Internal.Types.N:IO <Int>_R) :: (Int -> GHC.Internal.Prim.State# GHC.Internal.Prim.RealWorld -> (# GHC.Internal.Prim.State# GHC.Internal.Prim.RealWorld, Int #)) ~R# (Int -> IO Int))



