
==================== Tidy Core ====================
Result size of Tidy Core
  = {terms: 10, types: 3, coercions: 0, joins: 0/0}

foo2 = IS 10#

foo1 = IS 20#

foo = integerAdd foo2 foo1



